// Jest Snapshot v1, https://goo.gl/fbAQLP

exports[`GlobalSearchIcon should match snapshot 1`] = `
<v-list-item-avatar-stub
  size="40"
>
  <v-icon-stub>
    timeline
  </v-icon-stub>
</v-list-item-avatar-stub>
`;
